                                  comparison    cohort   n       r   ci_lo
           1. total STAT3 RPPA vs STAT3 mRNA TCGA-COAD 345  0.3091  0.2104
           1. total STAT3 RPPA vs STAT3 mRNA TCGA-ESCA 125  0.4470  0.2946
           1. total STAT3 RPPA vs STAT3 mRNA TCGA-LIHC 181  0.3676  0.2343
           1. total STAT3 RPPA vs STAT3 mRNA TCGA-PAAD 111  0.0742 -0.1137
           1. total STAT3 RPPA vs STAT3 mRNA TCGA-READ 121  0.2608  0.0864
           1. total STAT3 RPPA vs STAT3 mRNA TCGA-STAD 327  0.4149  0.3209
                  2. score_140 vs STAT3 mRNA TCGA-COAD 356  0.6987  0.6413
                  2. score_140 vs STAT3 mRNA TCGA-ESCA 125  0.5650  0.4323
                  2. score_140 vs STAT3 mRNA TCGA-LIHC 181  0.6405  0.5456
                  2. score_140 vs STAT3 mRNA TCGA-PAAD 113  0.8144  0.7412
                  2. score_140 vs STAT3 mRNA TCGA-READ 127  0.7951  0.7207
                  2. score_140 vs STAT3 mRNA TCGA-STAD 327  0.7433  0.6906
 2b. score_139 (STAT3 dropped) vs STAT3 mRNA TCGA-COAD 356  0.6897  0.6309
 2b. score_139 (STAT3 dropped) vs STAT3 mRNA TCGA-ESCA 125  0.5504  0.4149
 2b. score_139 (STAT3 dropped) vs STAT3 mRNA TCGA-LIHC 181  0.6323  0.5359
 2b. score_139 (STAT3 dropped) vs STAT3 mRNA TCGA-PAAD 113  0.8097  0.7349
 2b. score_139 (STAT3 dropped) vs STAT3 mRNA TCGA-READ 127  0.7889  0.7126
 2b. score_139 (STAT3 dropped) vs STAT3 mRNA TCGA-STAD 327  0.7353  0.6812
     3. total STAT3 RPPA vs STAT3_pY705 RPPA TCGA-COAD 345 -0.0358 -0.1408
     3. total STAT3 RPPA vs STAT3_pY705 RPPA TCGA-ESCA 125  0.5433  0.4064
     3. total STAT3 RPPA vs STAT3_pY705 RPPA TCGA-LIHC 181  0.2722  0.1316
     3. total STAT3 RPPA vs STAT3_pY705 RPPA TCGA-PAAD 111  0.0371 -0.1503
     3. total STAT3 RPPA vs STAT3_pY705 RPPA TCGA-READ 121 -0.0841 -0.2587
     3. total STAT3 RPPA vs STAT3_pY705 RPPA TCGA-STAD 327  0.0502 -0.0586
  4. score_140 vs STAT3_pY705 RPPA (from 13) TCGA-COAD 356  0.1998  0.0979
  4. score_140 vs STAT3_pY705 RPPA (from 13) TCGA-ESCA 125  0.2073  0.0329
  4. score_140 vs STAT3_pY705 RPPA (from 13) TCGA-LIHC 181 -0.0567 -0.2009
  4. score_140 vs STAT3_pY705 RPPA (from 13) TCGA-PAAD 113  0.1802 -0.0047
  4. score_140 vs STAT3_pY705 RPPA (from 13) TCGA-READ 127 -0.0092 -0.1831
  4. score_140 vs STAT3_pY705 RPPA (from 13) TCGA-STAD 327  0.0532 -0.0556
  ci_hi            p
 0.4016 4.481991e-09
 0.5773 1.729280e-07
 0.4874 3.559150e-07
 0.2571 4.386938e-01
 0.4198 3.857714e-03
 0.5009 4.853723e-15
 0.7483 2.020396e-53
 0.6738 6.712901e-12
 0.7191 2.779409e-22
 0.8685 5.368757e-28
 0.8514 6.323283e-29
 0.7882 1.043169e-58
 0.7405 1.459792e-51
 0.6621 2.929899e-11
 0.7125 1.334873e-21
 0.8650 1.875687e-27
 0.8467 3.340182e-28
 0.7815 7.352410e-57
 0.0701 5.076894e-01
 0.6563 5.910816e-11
 0.4021 2.096504e-04
 0.2219 6.992040e-01
 0.0958 3.590806e-01
 0.1578 3.656286e-01
 0.2976 1.477705e-04
 0.3695 2.035418e-02
 0.0899 4.482980e-01
 0.3531 5.619648e-02
 0.1653 9.183458e-01
 0.1607 3.378655e-01
                                  comparison k n_total   r_pooled   ci_lo_wald
           1. total STAT3 RPPA vs STAT3 mRNA 6    1210 0.32468706  0.227291978
                  2. score_140 vs STAT3 mRNA 6    1229 0.71885538  0.641445378
 2b. score_139 (STAT3 dropped) vs STAT3 mRNA 6    1229 0.71068390  0.630830544
     3. total STAT3 RPPA vs STAT3_pY705 RPPA 6    1210 0.13925073 -0.064099600
  4. score_140 vs STAT3_pY705 RPPA (from 13) 6    1229 0.09642667  0.004070775
 ci_hi_wald       I2          Q_p
  0.4156511 68.53875 1.343709e-02
  0.7817748 83.69316 2.275930e-04
  0.7756408 83.94780 2.025231e-04
  0.3314982 91.78064 2.396352e-09
  0.1871515 59.76447 2.858031e-02
